// Jest Snapshot v1, https://goo.gl/fbAQLP

exports[`tests wrapper with root slot app should match the reference for the text slot 1`] = `
Object {
  "bindings": Object {},
  "description": "text slot here",
}
`;

exports[`tests wrapper with root slot wrapper should match the reference for the footer slot 1`] = `
Object {
  "bindings": Object {
    ":item": "item",
  },
  "description": "Modal footer here",
  "scoped": true,
}
`;
