// Jest Snapshot v1, https://goo.gl/fbAQLP

exports[`tests typescript grid should match the snapshot 1`] = `
Object {
  "description": "This is an example of creating a reusable grid component and using it with external data.",
  "displayName": "grid",
  "events": Array [
    Object {
      "description": "Success event.",
      "name": "success",
      "type": Object {
        "names": Array [
          "object",
        ],
      },
    },
    Object {
      "description": "Error event.",
      "name": "error",
      "type": Object {
        "names": Array [
          "object",
        ],
      },
    },
  ],
  "exportName": "default",
  "methods": Array [
    Object {
      "description": "Sets the order",
      "name": "sortBy",
      "params": Array [
        Object {
          "description": "Key to order",
          "name": "key",
          "type": Object {
            "name": "string",
          },
        },
      ],
      "returns": Object {
        "description": "Test",
        "title": "returns",
        "type": Object {
          "name": "string",
        },
      },
      "tags": Object {
        "access": Array [
          Object {
            "description": "public",
            "title": "access",
          },
        ],
        "params": Array [
          Object {
            "description": "Key to order",
            "name": "key",
            "title": "param",
            "type": Object {
              "name": "string",
            },
          },
        ],
        "returns": Array [
          Object {
            "description": "Test",
            "title": "returns",
            "type": Object {
              "name": "string",
            },
          },
        ],
        "since": Array [
          Object {
            "description": "Version 1.0.1",
            "title": "since",
          },
        ],
        "version": Array [
          Object {
            "description": "1.0.5",
            "title": "version",
          },
        ],
      },
    },
    Object {
      "name": "publicMethod",
      "params": Array [
        Object {
          "name": "test",
          "type": Object {
            "name": "number",
          },
        },
        Object {
          "name": "param",
          "type": Object {
            "name": "ForParam",
          },
        },
      ],
      "tags": Object {
        "access": Array [
          Object {
            "description": "public",
            "title": "access",
          },
        ],
      },
    },
  ],
  "props": Array [
    Object {
      "defaultValue": Object {
        "func": false,
        "value": "text",
      },
      "description": "object/array defaults should be returned from a factory function",
      "name": "msg",
      "tags": Object {
        "link": Array [
          Object {
            "description": "See [Wikipedia](https://en.wikipedia.org/wiki/Web_colors#HTML_color_names) for a list of color names",
            "title": "link",
          },
        ],
        "see": Array [
          Object {
            "description": "See [Wikipedia](https://en.wikipedia.org/wiki/Web_colors#HTML_color_names) for a list of color names",
            "title": "see",
          },
        ],
        "since": Array [
          Object {
            "description": "Version 1.0.1",
            "title": "since",
          },
        ],
        "version": Array [
          Object {
            "description": "1.0.5",
            "title": "version",
          },
        ],
      },
      "type": Object {
        "name": "string|number",
      },
    },
    Object {
      "description": "describe data",
      "name": "data",
      "tags": Object {
        "version": Array [
          Object {
            "description": "1.0.5",
            "title": "version",
          },
        ],
      },
      "type": Object {
        "name": "array",
      },
    },
    Object {
      "defaultValue": Object {
        "func": true,
        "value": "function() {
    return [{}]
}",
      },
      "name": "images",
      "type": Object {
        "name": "array",
      },
    },
    Object {
      "defaultValue": Object {
        "func": true,
        "value": "function() {}",
      },
      "description": "prop function",
      "name": "propFunc",
      "type": Object {
        "name": "func",
      },
    },
    Object {
      "description": "get columns list",
      "name": "columns",
      "type": Object {
        "name": "array",
      },
    },
    Object {
      "defaultValue": Object {
        "func": false,
        "value": "'example'",
      },
      "description": "filter key",
      "name": "filterKey",
      "tags": Object {
        "ignore": Array [
          Object {
            "description": true,
            "title": "ignore",
          },
        ],
      },
      "type": Object {
        "name": "string",
      },
    },
  ],
  "slots": Array [
    Object {
      "description": "Use this slot header",
      "name": "header",
    },
    Object {
      "description": "Use this slot footer",
      "name": "footer",
    },
  ],
  "tags": Object {
    "author": Array [
      Object {
        "description": "[Rafael](https://github.com/rafaesc92)",
        "title": "author",
      },
    ],
    "since": Array [
      Object {
        "description": "Version 1.0.1",
        "title": "since",
      },
    ],
    "version": Array [
      Object {
        "description": "1.0.5",
        "title": "version",
      },
    ],
  },
}
`;
