// Jest Snapshot v1, https://goo.gl/fbAQLP

exports[`renderer should render header 1`] = `
<h1>
  &lt;button&gt;OK&lt;/button&gt;
</h1>
`;
