// Jest Snapshot v1, https://goo.gl/fbAQLP

exports[`renderer should render loader 1`] = `
<div>
  Loadingâ€¦
</div>
`;
