// Jest Snapshot v1, https://goo.gl/fbAQLP

exports[`should render a link 1`] = `
<button
  onClick={[Function]}
>
  Add examples to this component
</button>
`;

exports[`should render an example placeholder after click 1`] = `
<Styled(Markdown)
  text="
Create **Readme.md** or **Pizza.md** file in the componentâ€™s folder like this:

    Pizza example:

    \`\`\`js
    &lt;Pizza pizza=\\"&#x1f355;\\" /&gt;
	\`\`\`

You may need to **restart** the style guide server after adding an example file.

Read more in the [documenting components guide](https://vue-styleguidist.js.org/docs/documenting.html).
					"
/>
`;
