// Jest Snapshot v1, https://goo.gl/fbAQLP

exports[`test example vuex should match the snapshot 1`] = `
Object {
  "description": "Partial mapping, object spread operator example",
  "displayName": "example",
  "events": Object {},
  "methods": Array [
    Object {
      "description": "Sets the order",
      "modifiers": Array [],
      "name": "onSubmit",
      "params": Array [
        Object {
          "description": "Key to order",
          "name": "key",
          "title": "param",
          "type": Object {
            "name": "string",
          },
        },
      ],
      "returns": Object {
        "description": "Test",
        "title": "returns",
        "type": Object {
          "name": "string",
        },
      },
      "tags": Object {
        "access": Array [
          Object {
            "description": "public",
            "title": "access",
          },
        ],
        "params": Array [
          Object {
            "description": "Key to order",
            "name": "key",
            "title": "param",
            "type": Object {
              "name": "string",
            },
          },
        ],
        "returns": Array [
          Object {
            "description": "Test",
            "title": "returns",
            "type": Object {
              "name": "string",
            },
          },
        ],
        "since": Array [
          Object {
            "description": "Version 1.0.1",
            "title": "since",
          },
        ],
        "version": Array [
          Object {
            "description": "1.0.5",
            "title": "version",
          },
        ],
      },
    },
  ],
  "props": undefined,
  "slots": Object {},
  "tags": Object {},
}
`;
