// Jest Snapshot v1, https://goo.gl/fbAQLP

exports[`should render component renderer 1`] = `
<div>
  <div />
</div>
`;
