// Jest Snapshot v1, https://goo.gl/fbAQLP

exports[`tests datePicker should match the snapshot 1`] = `
Object {
  "description": "",
  "displayName": "DatePicker",
  "events": Array [
    Object {
      "description": "",
      "name": "update:date",
      "properties": undefined,
      "type": Object {
        "names": Array [
          "undefined",
        ],
      },
    },
  ],
  "methods": undefined,
  "props": Array [
    Object {
      "defaultValue": Object {
        "func": false,
        "value": "''",
      },
      "description": "",
      "name": "date",
      "required": undefined,
      "tags": Object {},
      "type": Object {
        "name": "any",
      },
    },
    Object {
      "defaultValue": Object {
        "func": false,
        "value": "''",
      },
      "description": "",
      "name": "format",
      "required": undefined,
      "tags": Object {},
      "type": Object {
        "name": "any",
      },
    },
    Object {
      "defaultValue": Object {
        "func": false,
        "value": "''",
      },
      "description": "",
      "name": "color",
      "required": undefined,
      "tags": Object {},
      "type": Object {
        "name": "any",
      },
    },
    Object {
      "defaultValue": Object {
        "func": false,
        "value": "false",
      },
      "description": "",
      "name": "disabled",
      "required": undefined,
      "tags": Object {},
      "type": Object {
        "name": "any",
      },
    },
  ],
  "slots": Array [],
  "tags": Object {},
}
`;
