// Jest Snapshot v1, https://goo.gl/fbAQLP

exports[`tests button should match the snapshot 1`] = `
Object {
  "description": "This is an example of creating a reusable button component and using it with external data.",
  "displayName": "ClassComponent",
  "events": Array [
    Object {
      "name": "success",
      "type": Object {
        "names": Array [
          "undefined",
        ],
      },
    },
  ],
  "exportName": "default",
  "methods": Array [
    Object {
      "name": "onClick",
      "params": Array [
        Object {
          "name": "a",
          "type": Object {
            "name": "string",
          },
        },
      ],
      "tags": Object {
        "access": Array [
          Object {
            "description": "public",
            "title": "access",
          },
        ],
      },
    },
  ],
  "props": Array [
    Object {
      "description": "color of the button",
      "mixin": Object {
        "name": "mixin",
        "path": "mixin.ts",
      },
      "name": "color",
      "type": Object {
        "name": "string",
      },
    },
    Object {
      "name": "bundleHash",
      "type": Object {
        "name": "number",
      },
    },
  ],
  "slots": Array [
    Object {
      "description": "Use this slot default",
      "name": "default",
    },
  ],
  "tags": Object {
    "author": Array [
      Object {
        "description": "[Rafael](https://github.com/rafaesc92)",
        "title": "author",
      },
    ],
    "version": Array [
      Object {
        "description": "1.0.5",
        "title": "version",
      },
    ],
  },
}
`;
