// Jest Snapshot v1, https://goo.gl/fbAQLP

exports[`tests InputTextDoc should match the snapshot 1`] = `
Object {
  "description": "Description InputTextDocumented",
  "displayName": "InputTextDocumented",
  "events": undefined,
  "exportName": "default",
  "methods": undefined,
  "props": Array [
    Object {
      "name": "question",
      "type": Object {
        "name": "undefined",
      },
    },
    Object {
      "mixin": Object {
        "name": "multiNamed",
        "path": "../../mixins/multiNamed.js",
      },
      "name": "importedProp",
      "type": Object {
        "name": "string",
      },
    },
    Object {
      "mixin": Object {
        "name": "otherNamed",
        "path": "../../mixins/otherNamed.js",
      },
      "name": "otherMixinProp",
      "type": Object {
        "name": "number",
      },
    },
    Object {
      "mixin": Object {
        "name": "deep",
        "path": "../../mixins/another/deep.js",
      },
      "name": "deep",
      "type": Object {
        "name": "boolean",
      },
    },
    Object {
      "name": "placeholder",
      "type": Object {
        "name": "string",
      },
    },
  ],
  "slots": undefined,
  "tags": Object {},
}
`;
