// Jest Snapshot v1, https://goo.gl/fbAQLP

exports[`tests InputText should match the snapshot 1`] = `
Object {
  "description": "Description InputText",
  "displayName": "InputText",
  "events": Object {},
  "methods": Array [],
  "props": Object {
    "placeholder": Object {
      "description": "",
      "required": "",
      "tags": Object {},
      "type": Object {
        "name": "undefined",
      },
    },
    "question": Object {
      "description": "",
      "required": "",
      "tags": Object {},
      "type": Object {
        "name": "undefined",
      },
    },
  },
  "slots": Object {},
  "tags": Object {},
}
`;
